<html>
<body>
<pre>
<h1>礦ision Build Log</h1>
<h2>Tool Versions:</h2>
IDE-Version: μVision V5.14.0.0
Copyright (C) 2015 ARM Ltd and ARM Germany GmbH. All rights reserved.
License Information: zhouzhou,  , LIC=8MZAR-KNIW4-78MFD-8WB6S-GZ9PL-TVWCU
 
Tool Versions:
Toolchain:       MDK-ARM Professional  Version: 5.14.0.0
Toolchain Path:  D:\Program Files\Keil_v5\ARM\ARMCC\Bin
C Compiler:      Armcc.exe V5.05 update 1 (build 106)
Assembler:       Armasm.exe V5.05 update 1 (build 106)
Linker/Locator:  ArmLink.exe V5.05 update 1 (build 106)
Library Manager: ArmAr.exe V5.05 update 1 (build 106)
Hex Converter:   FromElf.exe V5.05 update 1 (build 106)
CPU DLL:         SARMCM3.DLL V5.14.0.0
Dialog DLL:      DCM.DLL V1.13.1.0
Target DLL:      Segger\JL2CM3.dll V2.99.13.0
Dialog DLL:      TCM.DLL V1.14.4.0
 
<h2>Project:</h2>
D:\毕业设计\build\两旋翼飞行器（2018年电子设计竞赛赛题）\源码\USER\Template.uvprojx
Project File Date:  12/28/2019

<h2>Output:</h2>
Build target 'Template'
compiling main.c...
linking...
Program Size: Code=19952 RO-data=268 RW-data=140 ZI-data=1700  
FromELF: creating hex file...
"..\OBJ\Template.axf" - 0 Error(s), 0 Warning(s).

<h2>Collection of Component include folders:</h2>
  D:\毕业设计\build\两旋翼飞行器（2018年电子设计竞赛赛题）\源码\USER\RTE
  D:\Program Files\Keil_v5\ARM\PACK\Keil\STM32F1xx_DFP\1.0.5\Device\Include

<h2>Collection of Component Files used:</h2>
</pre>
</body>
</html>
